
DevTools listening on ws://127.0.0.1:19560/devtools/browser/25b1d237-fe0e-4dd1-af68-d854664aa5d6
Warning: 'remote-debugging-port' is not in the list of known options, but still passed to Electron/Chromium.
[90m[main 2026-10-02T07:45:44.057Z][0m vslight: policy-watcher unavailable, managed OS policies are disabled.
[90m[main 2026-10-02T07:45:44.072Z][0m StorageMainService: creating application shared storage
[90m[main 2026-10-02T07:45:44.194Z][0m [shared storage] Creating shared storage database at '/private/tmp/lcfinal-chkarkup/ui/s/sharedStorage/state.vscdb' (wasCreated: false)
[90m[main 2026-10-02T07:45:44.195Z][0m [shared storage] Initializing fallback application storage (path: /private/tmp/lcfinal-chkarkup/ui/u/User/globalStorage/state.vscdb)
[90m[main 2026-10-02T07:45:44.202Z][0m [shared storage] Fallback application storage initialized with 49 items
[90m[main 2026-10-02T07:45:44.313Z][0m vslight: policy-watcher unavailable, managed OS policies are disabled.
[90m[main 2026-10-02T07:45:44.314Z][0m vslight: policy-watcher unavailable, managed OS policies are disabled.
[90m[main 2026-10-02T07:45:45.204Z][0m update#setState idle
[90m[main 2026-10-02T07:45:45.281Z][0m vslight: policy-watcher unavailable, managed OS policies are disabled.
[90m[main 2026-10-02T07:46:15.207Z][0m update#setState checking for updates
[90m[main 2026-10-02T07:46:15.207Z][0m update#doCheckForUpdates {
  url: 'https://raw.githubusercontent.com/rockie/vslight/refs/heads/versions/stable/darwin/arm64/latest.json',
  explicit: false,
  background: true
}
(node:46653) [DEP0169] DeprecationWarning: `url.parse()` behavior is not standardized and prone to errors that have security implications. Use the WHATWG URL API instead. CVEs are not issued for `url.parse()` vulnerabilities.
(Use `VSLight --trace-deprecation ...` to show where the warning was created)
[90m[main 2026-10-02T07:46:15.342Z][0m update#isLatestVersion() - found: 1.135.6566, current: 1.135.6566
[90m[main 2026-10-02T07:46:15.342Z][0m update#isLatestVersion() - releaseDate: Wed Sep 30 2026 15:06:04 GMT+1000 (澳大利亚东部标准时间)
[90m[main 2026-10-02T07:46:15.342Z][0m update#isLatestVersion() - releaseAge: 51, minReleaseAge: 1
[90m[main 2026-10-02T07:46:15.342Z][0m update#setState idle
[90m[main 2026-10-02T08:46:15.216Z][0m update#setState checking for updates
[90m[main 2026-10-02T08:46:15.219Z][0m update#doCheckForUpdates {
  url: 'https://raw.githubusercontent.com/rockie/vslight/refs/heads/versions/stable/darwin/arm64/latest.json',
  explicit: false,
  background: true
}
[90m[main 2026-10-02T08:46:15.338Z][0m update#isLatestVersion() - found: 1.135.6566, current: 1.135.6566
[90m[main 2026-10-02T08:46:15.339Z][0m update#isLatestVersion() - releaseDate: Wed Sep 30 2026 15:06:04 GMT+1000 (澳大利亚东部标准时间)
[90m[main 2026-10-02T08:46:15.339Z][0m update#isLatestVersion() - releaseAge: 52, minReleaseAge: 1
[90m[main 2026-10-02T08:46:15.339Z][0m update#setState idle
