--prepared:/private/tmp/sign151-8n2nwj4c/VSCode-darwin-arm64/VSLight.app/Contents/Frameworks/VSLight Helper.app
--validated:/private/tmp/sign151-8n2nwj4c/VSCode-darwin-arm64/VSLight.app/Contents/Frameworks/VSLight Helper.app
--prepared:/private/tmp/sign151-8n2nwj4c/VSCode-darwin-arm64/VSLight.app/Contents/Frameworks/VSLight Helper (GPU).app
--validated:/private/tmp/sign151-8n2nwj4c/VSCode-darwin-arm64/VSLight.app/Contents/Frameworks/VSLight Helper (GPU).app
--prepared:/private/tmp/sign151-8n2nwj4c/VSCode-darwin-arm64/VSLight.app/Contents/Frameworks/VSLight Helper (Plugin).app
--validated:/private/tmp/sign151-8n2nwj4c/VSCode-darwin-arm64/VSLight.app/Contents/Frameworks/VSLight Helper (Plugin).app
--prepared:/private/tmp/sign151-8n2nwj4c/VSCode-darwin-arm64/VSLight.app/Contents/Frameworks/VSLight Helper (Renderer).app
--validated:/private/tmp/sign151-8n2nwj4c/VSCode-darwin-arm64/VSLight.app/Contents/Frameworks/VSLight Helper (Renderer).app
--prepared:/private/tmp/sign151-8n2nwj4c/VSCode-darwin-arm64/VSLight.app/Contents/Frameworks/ReactiveObjC.framework/Versions/Current/.
--prepared:/private/tmp/sign151-8n2nwj4c/VSCode-darwin-arm64/VSLight.app/Contents/Frameworks/Mantle.framework/Versions/Current/.
--validated:/private/tmp/sign151-8n2nwj4c/VSCode-darwin-arm64/VSLight.app/Contents/Frameworks/ReactiveObjC.framework/Versions/Current/.
--validated:/private/tmp/sign151-8n2nwj4c/VSCode-darwin-arm64/VSLight.app/Contents/Frameworks/Mantle.framework/Versions/Current/.
--prepared:/private/tmp/sign151-8n2nwj4c/VSCode-darwin-arm64/VSLight.app/Contents/Frameworks/Squirrel.framework/Versions/Current/.
--validated:/private/tmp/sign151-8n2nwj4c/VSCode-darwin-arm64/VSLight.app/Contents/Frameworks/Squirrel.framework/Versions/Current/.
--prepared:/private/tmp/sign151-8n2nwj4c/VSCode-darwin-arm64/VSLight.app/Contents/Frameworks/Electron Framework.framework/Versions/Current/.
--prepared:/private/tmp/sign151-8n2nwj4c/VSCode-darwin-arm64/VSLight.app/Contents/Frameworks/Electron Framework.framework/Versions/Current/Helpers/chrome_crashpad_handler
--validated:/private/tmp/sign151-8n2nwj4c/VSCode-darwin-arm64/VSLight.app/Contents/Frameworks/Electron Framework.framework/Versions/Current/Helpers/chrome_crashpad_handler
--validated:/private/tmp/sign151-8n2nwj4c/VSCode-darwin-arm64/VSLight.app/Contents/Frameworks/Electron Framework.framework/Versions/Current/.
/private/tmp/sign151-8n2nwj4c/VSCode-darwin-arm64/VSLight.app: valid on disk
/private/tmp/sign151-8n2nwj4c/VSCode-darwin-arm64/VSLight.app: satisfies its Designated Requirement
