2026-10-02 20:20:56.950 [info] vslight: policy-watcher unavailable, managed OS policies are disabled.
2026-10-02 20:20:56.950 [info] StorageMainService: creating application shared storage
2026-10-02 20:20:56.950 [info] [shared storage] Creating shared storage database at '/private/tmp/lcfinal-chkarkup/ui/s/sharedStorage/state.vscdb' (wasCreated: false)
2026-10-02 20:20:56.950 [info] [shared storage] Initializing fallback application storage (path: /private/tmp/lcfinal-chkarkup/ui/u/User/globalStorage/state.vscdb)
2026-10-02 20:20:56.971 [info] [shared storage] Fallback application storage initialized with 57 items
2026-10-02 20:20:57.186 [info] vslight: policy-watcher unavailable, managed OS policies are disabled.
2026-10-02 20:20:57.187 [info] vslight: policy-watcher unavailable, managed OS policies are disabled.
2026-10-02 20:20:57.243 [error] vscode-file: Refused to load resource /private/tmp/lcfinal-chkarkup/VSLight.app/Contents/Resources/app/extensions/theme-seti/icons/seti.woff from vscode-file: protocol (original URL: vscode-file://vscode-app/private/tmp/lcfinal-chkarkup/VSLight.app/Contents/Resources/app/extensions/theme-seti/icons/seti.woff)
2026-10-02 20:20:57.252 [info] update#setState idle
2026-10-02 20:20:58.408 [info] vslight: policy-watcher unavailable, managed OS policies are disabled.
2026-10-02 20:20:59.470 [info] update#isLatestVersion() - found: 1.135.6566, current: 1.135.6566
2026-10-02 20:20:59.470 [info] update#isLatestVersion() - releaseDate: Wed Sep 30 2026 15:06:04 GMT+1000 (澳大利亚东部标准时间)
2026-10-02 20:20:59.470 [info] update#isLatestVersion() - releaseAge: 53, minReleaseAge: 1
2026-10-02 20:21:27.254 [info] update#setState checking for updates
2026-10-02 20:21:27.255 [info] update#doCheckForUpdates {"url":"https://raw.githubusercontent.com/rockie/vslight/refs/heads/versions/stable/darwin/arm64/latest.json","explicit":false,"background":true}
2026-10-02 20:21:27.263 [info] update#isLatestVersion() - found: 1.135.6566, current: 1.135.6566
2026-10-02 20:21:27.263 [info] update#isLatestVersion() - releaseDate: Wed Sep 30 2026 15:06:04 GMT+1000 (澳大利亚东部标准时间)
2026-10-02 20:21:27.263 [info] update#isLatestVersion() - releaseAge: 53, minReleaseAge: 1
2026-10-02 20:21:27.263 [info] update#setState idle
2026-10-02 20:21:34.639 [info] Extension host with pid 7930 exited with code: 0, signal: unknown.
